// Jest Snapshot v1, https://goo.gl/fbAQLP

exports[`Loading component snapshot test 1`] = `
<DocumentFragment>
  <div
    class="spinner-border"
    role="status"
  >
    <span
      class="visually-hidden"
    >
      Loading...
    </span>
  </div>
</DocumentFragment>
`;
